2026-06-06 14:58:10 ==================================================
2026-06-06 14:58:10 HEDGE POSITION SET
2026-06-06 14:58:10   Opposite Token: 836795590263372483051846270101...
2026-06-06 14:58:10   Contracts: 5
2026-06-06 14:58:10   Hedge Price: $0.02
2026-06-06 14:58:10   Hedge Cost: $0.10
2026-06-06 14:58:10   Enabled: True
2026-06-06 14:58:10   Simulation: False
2026-06-06 14:58:10 ==================================================
2026-06-06 14:58:10 ============================================================
2026-06-06 14:58:10 PLACING GTD HEDGE ORDER
2026-06-06 14:58:10   Token: 836795590263372483051846270101...
2026-06-06 14:58:10   Size: 5 contracts
2026-06-06 14:58:10   Price: $0.02
2026-06-06 14:58:10   Cost: $0.10
2026-06-06 14:58:10   Type: GTD
2026-06-06 14:58:10   Max Retries: 3
2026-06-06 14:58:10 ----------------------------------------
2026-06-06 14:58:10 ATTEMPT 1/3
2026-06-06 14:58:11 ATTEMPT 2/3
2026-06-06 14:58:12 ATTEMPT 3/3
2026-06-06 14:58:13 HEDGE FAILED after 3 attempts: 'OrderArgs' object has no attribute 'builder_code'
2026-06-06 15:03:45 ==================================================
2026-06-06 15:03:45 HEDGE POSITION SET
2026-06-06 15:03:45   Opposite Token: 735983623938347605014468351757...
2026-06-06 15:03:45   Contracts: 5
2026-06-06 15:03:45   Hedge Price: $0.02
2026-06-06 15:03:45   Hedge Cost: $0.10
2026-06-06 15:03:45   Enabled: True
2026-06-06 15:03:45   Simulation: False
2026-06-06 15:03:45 ==================================================
2026-06-06 15:03:45 ============================================================
2026-06-06 15:03:45 PLACING GTD HEDGE ORDER
2026-06-06 15:03:45   Token: 735983623938347605014468351757...
2026-06-06 15:03:45   Size: 5 contracts
2026-06-06 15:03:45   Price: $0.02
2026-06-06 15:03:45   Cost: $0.10
2026-06-06 15:03:45   Type: GTD
2026-06-06 15:03:45   Max Retries: 3
2026-06-06 15:03:45 ----------------------------------------
2026-06-06 15:03:45 ATTEMPT 1/3
2026-06-06 15:03:46 ATTEMPT 2/3
2026-06-06 15:03:48 ATTEMPT 3/3
2026-06-06 15:03:48 HEDGE FAILED after 3 attempts: 'OrderArgs' object has no attribute 'builder_code'
2026-06-06 15:13:15 ==================================================
2026-06-06 15:13:15 HEDGE POSITION SET
2026-06-06 15:13:15   Opposite Token: 194704407651375699682814858118...
2026-06-06 15:13:15   Contracts: 5
2026-06-06 15:13:15   Hedge Price: $0.02
2026-06-06 15:13:15   Hedge Cost: $0.10
2026-06-06 15:13:15   Enabled: True
2026-06-06 15:13:15   Simulation: False
2026-06-06 15:13:15 ==================================================
2026-06-06 15:13:15 ============================================================
2026-06-06 15:13:15 PLACING GTD HEDGE ORDER
2026-06-06 15:13:15   Token: 194704407651375699682814858118...
2026-06-06 15:13:15   Size: 5 contracts
2026-06-06 15:13:15   Price: $0.02
2026-06-06 15:13:15   Cost: $0.10
2026-06-06 15:13:15   Type: GTD
2026-06-06 15:13:15   Max Retries: 3
2026-06-06 15:13:15 ----------------------------------------
2026-06-06 15:13:15 ATTEMPT 1/3
2026-06-06 15:13:16 ATTEMPT 2/3
2026-06-06 15:13:18 ATTEMPT 3/3
2026-06-06 15:13:18 HEDGE FAILED after 3 attempts: 'OrderArgs' object has no attribute 'builder_code'
2026-06-06 15:28:35 ==================================================
2026-06-06 15:28:35 HEDGE POSITION SET
2026-06-06 15:28:35   Opposite Token: 418782243742962675446816199057...
2026-06-06 15:28:35   Contracts: 5
2026-06-06 15:28:35   Hedge Price: $0.02
2026-06-06 15:28:35   Hedge Cost: $0.10
2026-06-06 15:28:35   Enabled: True
2026-06-06 15:28:35   Simulation: False
2026-06-06 15:28:35 ==================================================
2026-06-06 15:28:35 ============================================================
2026-06-06 15:28:35 PLACING GTD HEDGE ORDER
2026-06-06 15:28:35   Token: 418782243742962675446816199057...
2026-06-06 15:28:35   Size: 5 contracts
2026-06-06 15:28:35   Price: $0.02
2026-06-06 15:28:35   Cost: $0.10
2026-06-06 15:28:35   Type: GTD
2026-06-06 15:28:35   Max Retries: 3
2026-06-06 15:28:35 ----------------------------------------
2026-06-06 15:28:35 ATTEMPT 1/3
2026-06-06 15:28:36 ATTEMPT 2/3
2026-06-06 15:28:37 ATTEMPT 3/3
2026-06-06 15:28:38 HEDGE FAILED after 3 attempts: 'OrderArgs' object has no attribute 'builder_code'
2026-06-06 15:33:34 ==================================================
2026-06-06 15:33:34 HEDGE POSITION SET
2026-06-06 15:33:34   Opposite Token: 373768893095368866455659445585...
2026-06-06 15:33:34   Contracts: 5
2026-06-06 15:33:34   Hedge Price: $0.02
2026-06-06 15:33:34   Hedge Cost: $0.10
2026-06-06 15:33:34   Enabled: True
2026-06-06 15:33:34   Simulation: False
2026-06-06 15:33:34 ==================================================
2026-06-06 15:33:34 ============================================================
2026-06-06 15:33:34 PLACING GTD HEDGE ORDER
2026-06-06 15:33:34   Token: 373768893095368866455659445585...
2026-06-06 15:33:34   Size: 5 contracts
2026-06-06 15:33:34   Price: $0.02
2026-06-06 15:33:34   Cost: $0.10
2026-06-06 15:33:34   Type: GTD
2026-06-06 15:33:34   Max Retries: 3
2026-06-06 15:33:34 ----------------------------------------
2026-06-06 15:33:34 ATTEMPT 1/3
2026-06-06 15:33:35 ATTEMPT 2/3
2026-06-06 15:33:36 ATTEMPT 3/3
2026-06-06 15:33:37 HEDGE FAILED after 3 attempts: 'OrderArgs' object has no attribute 'builder_code'
2026-06-06 15:38:46 ==================================================
2026-06-06 15:38:46 HEDGE POSITION SET
2026-06-06 15:38:46   Opposite Token: 111256252887851277293456970694...
2026-06-06 15:38:46   Contracts: 5
2026-06-06 15:38:46   Hedge Price: $0.02
2026-06-06 15:38:46   Hedge Cost: $0.10
2026-06-06 15:38:46   Enabled: True
2026-06-06 15:38:46   Simulation: False
2026-06-06 15:38:46 ==================================================
2026-06-06 15:38:46 ============================================================
2026-06-06 15:38:46 PLACING GTD HEDGE ORDER
2026-06-06 15:38:46   Token: 111256252887851277293456970694...
2026-06-06 15:38:46   Size: 5 contracts
2026-06-06 15:38:46   Price: $0.02
2026-06-06 15:38:46   Cost: $0.10
2026-06-06 15:38:46   Type: GTD
2026-06-06 15:38:46   Max Retries: 3
2026-06-06 15:38:46 ----------------------------------------
2026-06-06 15:38:46 ATTEMPT 1/3
2026-06-06 15:38:48 ATTEMPT 2/3
2026-06-06 15:38:49 ATTEMPT 3/3
2026-06-06 15:38:49 HEDGE FAILED after 3 attempts: 'OrderArgs' object has no attribute 'builder_code'
2026-06-06 15:43:31 ==================================================
2026-06-06 15:43:31 HEDGE POSITION SET
2026-06-06 15:43:31   Opposite Token: 638119943867997974005639896137...
2026-06-06 15:43:31   Contracts: 5
2026-06-06 15:43:31   Hedge Price: $0.02
2026-06-06 15:43:31   Hedge Cost: $0.10
2026-06-06 15:43:31   Enabled: True
2026-06-06 15:43:31   Simulation: False
2026-06-06 15:43:31 ==================================================
2026-06-06 15:43:31 ============================================================
2026-06-06 15:43:31 PLACING GTD HEDGE ORDER
2026-06-06 15:43:31   Token: 638119943867997974005639896137...
2026-06-06 15:43:31   Size: 5 contracts
2026-06-06 15:43:31   Price: $0.02
2026-06-06 15:43:31   Cost: $0.10
2026-06-06 15:43:31   Type: GTD
2026-06-06 15:43:31   Max Retries: 3
2026-06-06 15:43:31 ----------------------------------------
2026-06-06 15:43:31 ATTEMPT 1/3
2026-06-06 15:43:33 ATTEMPT 2/3
2026-06-06 15:43:34 ATTEMPT 3/3
2026-06-06 15:43:34 HEDGE FAILED after 3 attempts: 'OrderArgs' object has no attribute 'builder_code'
2026-06-06 15:49:05 ==================================================
2026-06-06 15:49:05 HEDGE POSITION SET
2026-06-06 15:49:05   Opposite Token: 469831998932055154685888188492...
2026-06-06 15:49:05   Contracts: 5
2026-06-06 15:49:05   Hedge Price: $0.02
2026-06-06 15:49:05   Hedge Cost: $0.10
2026-06-06 15:49:05   Enabled: True
2026-06-06 15:49:05   Simulation: False
2026-06-06 15:49:05 ==================================================
2026-06-06 15:49:05 ============================================================
2026-06-06 15:49:05 PLACING GTD HEDGE ORDER
2026-06-06 15:49:05   Token: 469831998932055154685888188492...
2026-06-06 15:49:05   Size: 5 contracts
2026-06-06 15:49:05   Price: $0.02
2026-06-06 15:49:05   Cost: $0.10
2026-06-06 15:49:05   Type: GTD
2026-06-06 15:49:05   Max Retries: 3
2026-06-06 15:49:05 ----------------------------------------
2026-06-06 15:49:05 ATTEMPT 1/3
2026-06-06 15:49:06 ATTEMPT 2/3
2026-06-06 15:49:07 ATTEMPT 3/3
2026-06-06 15:49:08 HEDGE FAILED after 3 attempts: 'OrderArgs' object has no attribute 'builder_code'
2026-06-06 15:53:31 ==================================================
2026-06-06 15:53:31 HEDGE POSITION SET
2026-06-06 15:53:31   Opposite Token: 215037220928270286073768691543...
2026-06-06 15:53:31   Contracts: 5
2026-06-06 15:53:31   Hedge Price: $0.02
2026-06-06 15:53:31   Hedge Cost: $0.10
2026-06-06 15:53:31   Enabled: True
2026-06-06 15:53:31   Simulation: False
2026-06-06 15:53:31 ==================================================
2026-06-06 15:53:31 ============================================================
2026-06-06 15:53:31 PLACING GTD HEDGE ORDER
2026-06-06 15:53:31   Token: 215037220928270286073768691543...
2026-06-06 15:53:31   Size: 5 contracts
2026-06-06 15:53:31   Price: $0.02
2026-06-06 15:53:31   Cost: $0.10
2026-06-06 15:53:31   Type: GTD
2026-06-06 15:53:31   Max Retries: 3
2026-06-06 15:53:31 ----------------------------------------
2026-06-06 15:53:31 ATTEMPT 1/3
2026-06-06 15:53:32 ATTEMPT 2/3
2026-06-06 15:53:34 ATTEMPT 3/3
2026-06-06 15:53:34 HEDGE FAILED after 3 attempts: 'OrderArgs' object has no attribute 'builder_code'
2026-06-06 15:58:43 ==================================================
2026-06-06 15:58:43 HEDGE POSITION SET
2026-06-06 15:58:43   Opposite Token: 208652987903583152949470021816...
2026-06-06 15:58:43   Contracts: 5
2026-06-06 15:58:43   Hedge Price: $0.02
2026-06-06 15:58:43   Hedge Cost: $0.10
2026-06-06 15:58:43   Enabled: True
2026-06-06 15:58:43   Simulation: False
2026-06-06 15:58:43 ==================================================
2026-06-06 15:58:43 ============================================================
2026-06-06 15:58:43 PLACING GTD HEDGE ORDER
2026-06-06 15:58:43   Token: 208652987903583152949470021816...
2026-06-06 15:58:43   Size: 5 contracts
2026-06-06 15:58:43   Price: $0.02
2026-06-06 15:58:43   Cost: $0.10
2026-06-06 15:58:43   Type: GTD
2026-06-06 15:58:43   Max Retries: 3
2026-06-06 15:58:43 ----------------------------------------
2026-06-06 15:58:43 ATTEMPT 1/3
2026-06-06 15:58:44 ATTEMPT 2/3
2026-06-06 15:58:45 ATTEMPT 3/3
2026-06-06 15:58:45 HEDGE FAILED after 3 attempts: 'OrderArgs' object has no attribute 'builder_code'
2026-06-06 16:13:34 ==================================================
2026-06-06 16:13:34 HEDGE POSITION SET
2026-06-06 16:13:34   Opposite Token: 103433509449128113894875347200...
2026-06-06 16:13:34   Contracts: 5
2026-06-06 16:13:34   Hedge Price: $0.02
2026-06-06 16:13:34   Hedge Cost: $0.10
2026-06-06 16:13:34   Enabled: True
2026-06-06 16:13:34   Simulation: False
2026-06-06 16:13:34 ==================================================
2026-06-06 16:13:34 ============================================================
2026-06-06 16:13:34 PLACING GTD HEDGE ORDER
2026-06-06 16:13:34   Token: 103433509449128113894875347200...
2026-06-06 16:13:34   Size: 5 contracts
2026-06-06 16:13:34   Price: $0.02
2026-06-06 16:13:34   Cost: $0.10
2026-06-06 16:13:34   Type: GTD
2026-06-06 16:13:34   Max Retries: 3
2026-06-06 16:13:34 ----------------------------------------
2026-06-06 16:13:34 ATTEMPT 1/3
2026-06-06 16:13:35 ATTEMPT 2/3
2026-06-06 16:13:36 ATTEMPT 3/3
2026-06-06 16:13:37 HEDGE FAILED after 3 attempts: 'OrderArgs' object has no attribute 'builder_code'
2026-06-06 16:18:31 ==================================================
2026-06-06 16:18:31 HEDGE POSITION SET
2026-06-06 16:18:31   Opposite Token: 458866032882855286752034049940...
2026-06-06 16:18:31   Contracts: 5
2026-06-06 16:18:31   Hedge Price: $0.02
2026-06-06 16:18:31   Hedge Cost: $0.10
2026-06-06 16:18:31   Enabled: True
2026-06-06 16:18:31   Simulation: False
2026-06-06 16:18:31 ==================================================
2026-06-06 16:18:31 ============================================================
2026-06-06 16:18:31 PLACING GTD HEDGE ORDER
2026-06-06 16:18:31   Token: 458866032882855286752034049940...
2026-06-06 16:18:31   Size: 5 contracts
2026-06-06 16:18:31   Price: $0.02
2026-06-06 16:18:31   Cost: $0.10
2026-06-06 16:18:31   Type: GTD
2026-06-06 16:18:31   Max Retries: 3
2026-06-06 16:18:31 ----------------------------------------
2026-06-06 16:18:31 ATTEMPT 1/3
2026-06-06 16:18:32 ATTEMPT 2/3
2026-06-06 16:18:33 ATTEMPT 3/3
2026-06-06 16:18:33 HEDGE FAILED after 3 attempts: 'OrderArgs' object has no attribute 'builder_code'
2026-06-06 16:23:41 ==================================================
2026-06-06 16:23:41 HEDGE POSITION SET
2026-06-06 16:23:41   Opposite Token: 106081625167876069965602616958...
2026-06-06 16:23:41   Contracts: 5
2026-06-06 16:23:41   Hedge Price: $0.02
2026-06-06 16:23:41   Hedge Cost: $0.10
2026-06-06 16:23:41   Enabled: True
2026-06-06 16:23:41   Simulation: False
2026-06-06 16:23:41 ==================================================
2026-06-06 16:23:41 ============================================================
2026-06-06 16:23:41 PLACING GTD HEDGE ORDER
2026-06-06 16:23:41   Token: 106081625167876069965602616958...
2026-06-06 16:23:41   Size: 5 contracts
2026-06-06 16:23:41   Price: $0.02
2026-06-06 16:23:41   Cost: $0.10
2026-06-06 16:23:41   Type: GTD
2026-06-06 16:23:41   Max Retries: 3
2026-06-06 16:23:41 ----------------------------------------
2026-06-06 16:23:41 ATTEMPT 1/3
2026-06-06 16:23:43 ATTEMPT 2/3
2026-06-06 16:23:44 ATTEMPT 3/3
2026-06-06 16:23:44 HEDGE FAILED after 3 attempts: 'OrderArgs' object has no attribute 'builder_code'
2026-06-06 16:33:31 ==================================================
2026-06-06 16:33:31 HEDGE POSITION SET
2026-06-06 16:33:31   Opposite Token: 112479856170602453188606491160...
2026-06-06 16:33:31   Contracts: 5
2026-06-06 16:33:31   Hedge Price: $0.02
2026-06-06 16:33:31   Hedge Cost: $0.10
2026-06-06 16:33:31   Enabled: True
2026-06-06 16:33:31   Simulation: False
2026-06-06 16:33:31 ==================================================
2026-06-06 16:33:31 ============================================================
2026-06-06 16:33:31 PLACING GTD HEDGE ORDER
2026-06-06 16:33:31   Token: 112479856170602453188606491160...
2026-06-06 16:33:31   Size: 5 contracts
2026-06-06 16:33:31   Price: $0.02
2026-06-06 16:33:31   Cost: $0.10
2026-06-06 16:33:31   Type: GTD
2026-06-06 16:33:31   Max Retries: 3
2026-06-06 16:33:31 ----------------------------------------
2026-06-06 16:33:31 ATTEMPT 1/3
2026-06-06 16:33:32 ATTEMPT 2/3
2026-06-06 16:33:34 ATTEMPT 3/3
2026-06-06 16:33:34 HEDGE FAILED after 3 attempts: 'OrderArgs' object has no attribute 'builder_code'
2026-06-06 16:43:43 ==================================================
2026-06-06 16:43:43 HEDGE POSITION SET
2026-06-06 16:43:43   Opposite Token: 348751647260303502317511292802...
2026-06-06 16:43:43   Contracts: 5
2026-06-06 16:43:43   Hedge Price: $0.02
2026-06-06 16:43:43   Hedge Cost: $0.10
2026-06-06 16:43:43   Enabled: True
2026-06-06 16:43:43   Simulation: False
2026-06-06 16:43:43 ==================================================
2026-06-06 16:43:43 ============================================================
2026-06-06 16:43:43 PLACING GTD HEDGE ORDER
2026-06-06 16:43:43   Token: 348751647260303502317511292802...
2026-06-06 16:43:43   Size: 5 contracts
2026-06-06 16:43:43   Price: $0.02
2026-06-06 16:43:43   Cost: $0.10
2026-06-06 16:43:43   Type: GTD
2026-06-06 16:43:43   Max Retries: 3
2026-06-06 16:43:43 ----------------------------------------
2026-06-06 16:43:43 ATTEMPT 1/3
2026-06-06 16:43:45 ATTEMPT 2/3
2026-06-06 16:43:46 ATTEMPT 3/3
2026-06-06 16:43:46 HEDGE FAILED after 3 attempts: 'OrderArgs' object has no attribute 'builder_code'
2026-06-06 16:49:58 ==================================================
2026-06-06 16:49:58 HEDGE POSITION SET
2026-06-06 16:49:58   Opposite Token: 439398007692805798799479164904...
2026-06-06 16:49:58   Contracts: 5
2026-06-06 16:49:58   Hedge Price: $0.02
2026-06-06 16:49:58   Hedge Cost: $0.10
2026-06-06 16:49:58   Enabled: True
2026-06-06 16:49:58   Simulation: False
2026-06-06 16:49:58 ==================================================
2026-06-06 16:49:58 ============================================================
2026-06-06 16:49:58 PLACING GTD HEDGE ORDER
2026-06-06 16:49:58   Token: 439398007692805798799479164904...
2026-06-06 16:49:58   Size: 5 contracts
2026-06-06 16:49:58   Price: $0.02
2026-06-06 16:49:58   Cost: $0.10
2026-06-06 16:49:58   Type: GTD
2026-06-06 16:49:58   Max Retries: 3
2026-06-06 16:49:58 ----------------------------------------
2026-06-06 16:49:58 ATTEMPT 1/3
2026-06-06 17:03:59 ==================================================
2026-06-06 17:03:59 HEDGE POSITION SET
2026-06-06 17:03:59   Opposite Token: 597878349835763145030152269117...
2026-06-06 17:03:59   Contracts: 5
2026-06-06 17:03:59   Hedge Price: $0.02
2026-06-06 17:03:59   Hedge Cost: $0.10
2026-06-06 17:03:59   Enabled: True
2026-06-06 17:03:59   Simulation: False
2026-06-06 17:03:59 ==================================================
2026-06-06 17:03:59 ============================================================
2026-06-06 17:03:59 PLACING GTD HEDGE ORDER
2026-06-06 17:03:59   Token: 597878349835763145030152269117...
2026-06-06 17:03:59   Size: 5 contracts
2026-06-06 17:03:59   Price: $0.02
2026-06-06 17:03:59   Cost: $0.10
2026-06-06 17:03:59   Type: GTD
2026-06-06 17:03:59   Max Retries: 3
2026-06-06 17:03:59 ----------------------------------------
2026-06-06 17:03:59 ATTEMPT 1/3
2026-06-06 17:04:00 ATTEMPT 2/3
2026-06-06 17:04:02 ATTEMPT 3/3
2026-06-06 17:04:02 HEDGE FAILED after 3 attempts: 'OrderArgs' object has no attribute 'builder_code'
2026-06-06 17:13:37 ==================================================
2026-06-06 17:13:37 HEDGE POSITION SET
2026-06-06 17:13:37   Opposite Token: 810353752645884022450686656705...
2026-06-06 17:13:37   Contracts: 5
2026-06-06 17:13:37   Hedge Price: $0.02
2026-06-06 17:13:37   Hedge Cost: $0.10
2026-06-06 17:13:37   Enabled: True
2026-06-06 17:13:37   Simulation: False
2026-06-06 17:13:37 ==================================================
2026-06-06 17:13:37 ============================================================
2026-06-06 17:13:37 PLACING GTD HEDGE ORDER
2026-06-06 17:13:37   Token: 810353752645884022450686656705...
2026-06-06 17:13:37   Size: 5 contracts
2026-06-06 17:13:37   Price: $0.02
2026-06-06 17:13:37   Cost: $0.10
2026-06-06 17:13:37   Type: GTD
2026-06-06 17:13:37   Max Retries: 3
2026-06-06 17:13:37 ----------------------------------------
2026-06-06 17:13:37 ATTEMPT 1/3
2026-06-06 17:13:38 ATTEMPT 2/3
2026-06-06 17:13:39 ATTEMPT 3/3
2026-06-06 17:13:39 HEDGE FAILED after 3 attempts: 'OrderArgs' object has no attribute 'builder_code'
2026-06-06 17:18:31 ==================================================
2026-06-06 17:18:31 HEDGE POSITION SET
2026-06-06 17:18:31   Opposite Token: 342278151795669452153255852861...
2026-06-06 17:18:31   Contracts: 5
2026-06-06 17:18:31   Hedge Price: $0.02
2026-06-06 17:18:31   Hedge Cost: $0.10
2026-06-06 17:18:31   Enabled: True
2026-06-06 17:18:31   Simulation: False
2026-06-06 17:18:31 ==================================================
2026-06-06 17:18:31 ============================================================
2026-06-06 17:18:31 PLACING GTD HEDGE ORDER
2026-06-06 17:18:31   Token: 342278151795669452153255852861...
2026-06-06 17:18:31   Size: 5 contracts
2026-06-06 17:18:31   Price: $0.02
2026-06-06 17:18:31   Cost: $0.10
2026-06-06 17:18:31   Type: GTD
2026-06-06 17:18:31   Max Retries: 3
2026-06-06 17:18:31 ----------------------------------------
2026-06-06 17:18:31 ATTEMPT 1/3
2026-06-06 17:18:32 ATTEMPT 2/3
2026-06-06 17:18:33 ATTEMPT 3/3
2026-06-06 17:18:33 HEDGE FAILED after 3 attempts: 'OrderArgs' object has no attribute 'builder_code'
2026-06-06 17:34:04 ==================================================
2026-06-06 17:34:04 HEDGE POSITION SET
2026-06-06 17:34:04   Opposite Token: 308121965326033001321903356906...
2026-06-06 17:34:04   Contracts: 5
2026-06-06 17:34:04   Hedge Price: $0.02
2026-06-06 17:34:04   Hedge Cost: $0.10
2026-06-06 17:34:04   Enabled: True
2026-06-06 17:34:04   Simulation: False
2026-06-06 17:34:04 ==================================================
2026-06-06 17:34:04 ============================================================
2026-06-06 17:34:04 PLACING GTD HEDGE ORDER
2026-06-06 17:34:04   Token: 308121965326033001321903356906...
2026-06-06 17:34:04   Size: 5 contracts
2026-06-06 17:34:04   Price: $0.02
2026-06-06 17:34:04   Cost: $0.10
2026-06-06 17:34:04   Type: GTD
2026-06-06 17:34:04   Max Retries: 3
2026-06-06 17:34:04 ----------------------------------------
2026-06-06 17:34:04 ATTEMPT 1/3
2026-06-06 17:34:05 ATTEMPT 2/3
2026-06-06 17:34:06 ATTEMPT 3/3
2026-06-06 17:34:07 HEDGE FAILED after 3 attempts: 'OrderArgs' object has no attribute 'builder_code'
2026-06-06 17:39:29 ==================================================
2026-06-06 17:39:29 HEDGE POSITION SET
2026-06-06 17:39:29   Opposite Token: 417750700065979515661837399288...
2026-06-06 17:39:29   Contracts: 5
2026-06-06 17:39:29   Hedge Price: $0.02
2026-06-06 17:39:29   Hedge Cost: $0.10
2026-06-06 17:39:29   Enabled: True
2026-06-06 17:39:29   Simulation: False
2026-06-06 17:39:29 ==================================================
2026-06-06 17:39:29 ============================================================
2026-06-06 17:39:29 PLACING GTD HEDGE ORDER
2026-06-06 17:39:29   Token: 417750700065979515661837399288...
2026-06-06 17:39:29   Size: 5 contracts
2026-06-06 17:39:29   Price: $0.02
2026-06-06 17:39:29   Cost: $0.10
2026-06-06 17:39:29   Type: GTD
2026-06-06 17:39:29   Max Retries: 3
2026-06-06 17:39:29 ----------------------------------------
2026-06-06 17:39:29 ATTEMPT 1/3
2026-06-06 17:39:30 ATTEMPT 2/3
2026-06-06 17:39:32 ATTEMPT 3/3
2026-06-06 17:39:32 HEDGE FAILED after 3 attempts: 'OrderArgs' object has no attribute 'builder_code'
2026-06-06 17:53:54 ==================================================
2026-06-06 17:53:54 HEDGE POSITION SET
2026-06-06 17:53:54   Opposite Token: 236616786835403019504965077362...
2026-06-06 17:53:54   Contracts: 5
2026-06-06 17:53:54   Hedge Price: $0.02
2026-06-06 17:53:54   Hedge Cost: $0.10
2026-06-06 17:53:54   Enabled: True
2026-06-06 17:53:54   Simulation: False
2026-06-06 17:53:54 ==================================================
2026-06-06 17:53:54 ============================================================
2026-06-06 17:53:54 PLACING GTD HEDGE ORDER
2026-06-06 17:53:54   Token: 236616786835403019504965077362...
2026-06-06 17:53:54   Size: 5 contracts
2026-06-06 17:53:54   Price: $0.02
2026-06-06 17:53:54   Cost: $0.10
2026-06-06 17:53:54   Type: GTD
2026-06-06 17:53:54   Max Retries: 3
2026-06-06 17:53:54 ----------------------------------------
2026-06-06 17:53:54 ATTEMPT 1/3
2026-06-06 17:53:55 ATTEMPT 2/3
2026-06-06 17:53:57 ATTEMPT 3/3
2026-06-06 17:53:57 HEDGE FAILED after 3 attempts: 'OrderArgs' object has no attribute 'builder_code'
2026-06-06 17:58:31 ==================================================
2026-06-06 17:58:31 HEDGE POSITION SET
2026-06-06 17:58:31   Opposite Token: 965540722872590258842840399055...
2026-06-06 17:58:31   Contracts: 5
2026-06-06 17:58:31   Hedge Price: $0.02
2026-06-06 17:58:31   Hedge Cost: $0.10
2026-06-06 17:58:31   Enabled: True
2026-06-06 17:58:31   Simulation: False
2026-06-06 17:58:31 ==================================================
2026-06-06 17:58:31 ============================================================
2026-06-06 17:58:31 PLACING GTD HEDGE ORDER
2026-06-06 17:58:31   Token: 965540722872590258842840399055...
2026-06-06 17:58:31   Size: 5 contracts
2026-06-06 17:58:31   Price: $0.02
2026-06-06 17:58:31   Cost: $0.10
2026-06-06 17:58:31   Type: GTD
2026-06-06 17:58:31   Max Retries: 3
2026-06-06 17:58:31 ----------------------------------------
2026-06-06 17:58:31 ATTEMPT 1/3
2026-06-06 17:58:32 ATTEMPT 2/3
2026-06-06 17:58:33 ATTEMPT 3/3
2026-06-06 17:58:33 HEDGE FAILED after 3 attempts: 'OrderArgs' object has no attribute 'builder_code'
2026-06-06 18:13:40 ==================================================
2026-06-06 18:13:40 HEDGE POSITION SET
2026-06-06 18:13:40   Opposite Token: 169666517100153239022151437633...
2026-06-06 18:13:40   Contracts: 5
2026-06-06 18:13:40   Hedge Price: $0.02
2026-06-06 18:13:40   Hedge Cost: $0.10
2026-06-06 18:13:40   Enabled: True
2026-06-06 18:13:40   Simulation: False
2026-06-06 18:13:40 ==================================================
2026-06-06 18:13:40 ============================================================
2026-06-06 18:13:40 PLACING GTD HEDGE ORDER
2026-06-06 18:13:40   Token: 169666517100153239022151437633...
2026-06-06 18:13:40   Size: 5 contracts
2026-06-06 18:13:40   Price: $0.02
2026-06-06 18:13:40   Cost: $0.10
2026-06-06 18:13:40   Type: GTD
2026-06-06 18:13:40   Max Retries: 3
2026-06-06 18:13:40 ----------------------------------------
2026-06-06 18:13:40 ATTEMPT 1/3
2026-06-06 18:13:41 ATTEMPT 2/3
2026-06-06 18:13:42 ATTEMPT 3/3
2026-06-06 18:13:42 HEDGE FAILED after 3 attempts: 'OrderArgs' object has no attribute 'builder_code'
2026-06-06 18:19:12 ==================================================
2026-06-06 18:19:12 HEDGE POSITION SET
2026-06-06 18:19:12   Opposite Token: 110344501288140865002701292872...
2026-06-06 18:19:12   Contracts: 5
2026-06-06 18:19:12   Hedge Price: $0.02
2026-06-06 18:19:12   Hedge Cost: $0.10
2026-06-06 18:19:12   Enabled: True
2026-06-06 18:19:12   Simulation: False
2026-06-06 18:19:12 ==================================================
2026-06-06 18:19:12 ============================================================
2026-06-06 18:19:12 PLACING GTD HEDGE ORDER
2026-06-06 18:19:12   Token: 110344501288140865002701292872...
2026-06-06 18:19:12   Size: 5 contracts
2026-06-06 18:19:12   Price: $0.02
2026-06-06 18:19:12   Cost: $0.10
2026-06-06 18:19:12   Type: GTD
2026-06-06 18:19:12   Max Retries: 3
2026-06-06 18:19:12 ----------------------------------------
2026-06-06 18:19:12 ATTEMPT 1/3
2026-06-06 18:19:14 ATTEMPT 2/3
2026-06-06 18:19:15 ATTEMPT 3/3
2026-06-06 18:19:15 HEDGE FAILED after 3 attempts: 'OrderArgs' object has no attribute 'builder_code'
2026-06-06 18:28:36 ==================================================
2026-06-06 18:28:36 HEDGE POSITION SET
2026-06-06 18:28:36   Opposite Token: 660430791786162769222005823973...
2026-06-06 18:28:36   Contracts: 5
2026-06-06 18:28:36   Hedge Price: $0.02
2026-06-06 18:28:36   Hedge Cost: $0.10
2026-06-06 18:28:36   Enabled: True
2026-06-06 18:28:36   Simulation: False
2026-06-06 18:28:36 ==================================================
2026-06-06 18:28:36 ============================================================
2026-06-06 18:28:36 PLACING GTD HEDGE ORDER
2026-06-06 18:28:36   Token: 660430791786162769222005823973...
2026-06-06 18:28:36   Size: 5 contracts
2026-06-06 18:28:36   Price: $0.02
2026-06-06 18:28:36   Cost: $0.10
2026-06-06 18:28:36   Type: GTD
2026-06-06 18:28:36   Max Retries: 3
2026-06-06 18:28:36 ----------------------------------------
2026-06-06 18:28:36 ATTEMPT 1/3
2026-06-06 18:28:38 ATTEMPT 2/3
2026-06-06 18:28:39 ATTEMPT 3/3
2026-06-06 18:28:39 HEDGE FAILED after 3 attempts: 'OrderArgs' object has no attribute 'builder_code'
2026-06-06 18:39:04 ==================================================
2026-06-06 18:39:04 HEDGE POSITION SET
2026-06-06 18:39:04   Opposite Token: 114831628741785135929424330308...
2026-06-06 18:39:04   Contracts: 5
2026-06-06 18:39:04   Hedge Price: $0.02
2026-06-06 18:39:04   Hedge Cost: $0.10
2026-06-06 18:39:04   Enabled: True
2026-06-06 18:39:04   Simulation: False
2026-06-06 18:39:04 ==================================================
2026-06-06 18:39:04 ============================================================
2026-06-06 18:39:04 PLACING GTD HEDGE ORDER
2026-06-06 18:39:04   Token: 114831628741785135929424330308...
2026-06-06 18:39:04   Size: 5 contracts
2026-06-06 18:39:04   Price: $0.02
2026-06-06 18:39:04   Cost: $0.10
2026-06-06 18:39:04   Type: GTD
2026-06-06 18:39:04   Max Retries: 3
2026-06-06 18:39:04 ----------------------------------------
2026-06-06 18:39:04 ATTEMPT 1/3
2026-06-06 18:39:06 ATTEMPT 2/3
2026-06-06 18:39:07 ATTEMPT 3/3
2026-06-06 18:39:07 HEDGE FAILED after 3 attempts: 'OrderArgs' object has no attribute 'builder_code'
2026-06-06 18:48:58 ==================================================
2026-06-06 18:48:58 HEDGE POSITION SET
2026-06-06 18:48:58   Opposite Token: 881258317807551971467914843203...
2026-06-06 18:48:58   Contracts: 5
2026-06-06 18:48:58   Hedge Price: $0.02
2026-06-06 18:48:58   Hedge Cost: $0.10
2026-06-06 18:48:58   Enabled: True
2026-06-06 18:48:58   Simulation: False
2026-06-06 18:48:58 ==================================================
2026-06-06 18:48:58 ============================================================
2026-06-06 18:48:58 PLACING GTD HEDGE ORDER
2026-06-06 18:48:58   Token: 881258317807551971467914843203...
2026-06-06 18:48:58   Size: 5 contracts
2026-06-06 18:48:58   Price: $0.02
2026-06-06 18:48:58   Cost: $0.10
2026-06-06 18:48:58   Type: GTD
2026-06-06 18:48:58   Max Retries: 3
2026-06-06 18:48:58 ----------------------------------------
2026-06-06 18:48:58 ATTEMPT 1/3
2026-06-06 18:49:00 ATTEMPT 2/3
2026-06-06 18:49:01 ATTEMPT 3/3
2026-06-06 18:49:01 HEDGE FAILED after 3 attempts: 'OrderArgs' object has no attribute 'builder_code'
2026-06-06 18:53:34 ==================================================
2026-06-06 18:53:34 HEDGE POSITION SET
2026-06-06 18:53:34   Opposite Token: 590117178076903420213405712191...
2026-06-06 18:53:34   Contracts: 5
2026-06-06 18:53:34   Hedge Price: $0.02
2026-06-06 18:53:34   Hedge Cost: $0.10
2026-06-06 18:53:34   Enabled: True
2026-06-06 18:53:34   Simulation: False
2026-06-06 18:53:34 ==================================================
2026-06-06 18:53:34 ============================================================
2026-06-06 18:53:34 PLACING GTD HEDGE ORDER
2026-06-06 18:53:34   Token: 590117178076903420213405712191...
2026-06-06 18:53:34   Size: 5 contracts
2026-06-06 18:53:34   Price: $0.02
2026-06-06 18:53:34   Cost: $0.10
2026-06-06 18:53:34   Type: GTD
2026-06-06 18:53:34   Max Retries: 3
2026-06-06 18:53:34 ----------------------------------------
2026-06-06 18:53:34 ATTEMPT 1/3
2026-06-06 18:53:35 ATTEMPT 2/3
2026-06-06 18:53:37 ATTEMPT 3/3
2026-06-06 18:53:37 HEDGE FAILED after 3 attempts: 'OrderArgs' object has no attribute 'builder_code'
2026-06-06 18:59:36 ==================================================
2026-06-06 18:59:36 HEDGE POSITION SET
2026-06-06 18:59:36   Opposite Token: 826696650392965971796762579481...
2026-06-06 18:59:36   Contracts: 5
2026-06-06 18:59:36   Hedge Price: $0.02
2026-06-06 18:59:36   Hedge Cost: $0.10
2026-06-06 18:59:36   Enabled: True
2026-06-06 18:59:36   Simulation: False
2026-06-06 18:59:36 ==================================================
2026-06-06 18:59:36 ============================================================
2026-06-06 18:59:36 PLACING GTD HEDGE ORDER
2026-06-06 18:59:36   Token: 826696650392965971796762579481...
2026-06-06 18:59:36   Size: 5 contracts
2026-06-06 18:59:36   Price: $0.02
2026-06-06 18:59:36   Cost: $0.10
2026-06-06 18:59:36   Type: GTD
2026-06-06 18:59:36   Max Retries: 3
2026-06-06 18:59:36 ----------------------------------------
2026-06-06 18:59:36 ATTEMPT 1/3
2026-06-06 18:59:38 ATTEMPT 2/3
2026-06-06 18:59:39 ATTEMPT 3/3
2026-06-06 18:59:39 HEDGE FAILED after 3 attempts: 'OrderArgs' object has no attribute 'builder_code'
2026-06-06 19:08:50 ==================================================
2026-06-06 19:08:50 HEDGE POSITION SET
2026-06-06 19:08:50   Opposite Token: 968392860936217870633485481591...
2026-06-06 19:08:50   Contracts: 5
2026-06-06 19:08:50   Hedge Price: $0.02
2026-06-06 19:08:50   Hedge Cost: $0.10
2026-06-06 19:08:50   Enabled: True
2026-06-06 19:08:50   Simulation: False
2026-06-06 19:08:50 ==================================================
2026-06-06 19:08:50 ============================================================
2026-06-06 19:08:50 PLACING GTD HEDGE ORDER
2026-06-06 19:08:50   Token: 968392860936217870633485481591...
2026-06-06 19:08:50   Size: 5 contracts
2026-06-06 19:08:50   Price: $0.02
2026-06-06 19:08:50   Cost: $0.10
2026-06-06 19:08:50   Type: GTD
2026-06-06 19:08:50   Max Retries: 3
2026-06-06 19:08:50 ----------------------------------------
2026-06-06 19:08:50 ATTEMPT 1/3
2026-06-06 19:08:52 ATTEMPT 2/3
2026-06-06 19:08:53 ATTEMPT 3/3
2026-06-06 19:08:53 HEDGE FAILED after 3 attempts: 'OrderArgs' object has no attribute 'builder_code'
2026-06-06 19:13:31 ==================================================
2026-06-06 19:13:31 HEDGE POSITION SET
2026-06-06 19:13:31   Opposite Token: 230286717681231184021609075194...
2026-06-06 19:13:31   Contracts: 5
2026-06-06 19:13:31   Hedge Price: $0.02
2026-06-06 19:13:31   Hedge Cost: $0.10
2026-06-06 19:13:31   Enabled: True
2026-06-06 19:13:31   Simulation: False
2026-06-06 19:13:31 ==================================================
2026-06-06 19:13:31 ============================================================
2026-06-06 19:13:31 PLACING GTD HEDGE ORDER
2026-06-06 19:13:31   Token: 230286717681231184021609075194...
2026-06-06 19:13:31   Size: 5 contracts
2026-06-06 19:13:31   Price: $0.02
2026-06-06 19:13:31   Cost: $0.10
2026-06-06 19:13:31   Type: GTD
2026-06-06 19:13:31   Max Retries: 3
2026-06-06 19:13:31 ----------------------------------------
2026-06-06 19:13:31 ATTEMPT 1/3
2026-06-06 19:13:33 ATTEMPT 2/3
2026-06-06 19:13:34 ATTEMPT 3/3
2026-06-06 19:13:34 HEDGE FAILED after 3 attempts: 'OrderArgs' object has no attribute 'builder_code'
2026-06-06 19:23:48 ==================================================
2026-06-06 19:23:48 HEDGE POSITION SET
2026-06-06 19:23:48   Opposite Token: 606344203679605931763758351409...
2026-06-06 19:23:48   Contracts: 5
2026-06-06 19:23:48   Hedge Price: $0.02
2026-06-06 19:23:48   Hedge Cost: $0.10
2026-06-06 19:23:48   Enabled: True
2026-06-06 19:23:48   Simulation: False
2026-06-06 19:23:48 ==================================================
2026-06-06 19:23:48 ============================================================
2026-06-06 19:23:48 PLACING GTD HEDGE ORDER
2026-06-06 19:23:48   Token: 606344203679605931763758351409...
2026-06-06 19:23:48   Size: 5 contracts
2026-06-06 19:23:48   Price: $0.02
2026-06-06 19:23:48   Cost: $0.10
2026-06-06 19:23:48   Type: GTD
2026-06-06 19:23:48   Max Retries: 3
2026-06-06 19:23:48 ----------------------------------------
2026-06-06 19:23:48 ATTEMPT 1/3
2026-06-06 19:23:50 ATTEMPT 2/3
2026-06-06 19:23:51 ATTEMPT 3/3
2026-06-06 19:23:51 HEDGE FAILED after 3 attempts: 'OrderArgs' object has no attribute 'builder_code'
2026-06-06 19:28:41 ==================================================
2026-06-06 19:28:41 HEDGE POSITION SET
2026-06-06 19:28:41   Opposite Token: 667868545372499226417500004255...
2026-06-06 19:28:41   Contracts: 5
2026-06-06 19:28:41   Hedge Price: $0.02
2026-06-06 19:28:41   Hedge Cost: $0.10
2026-06-06 19:28:41   Enabled: True
2026-06-06 19:28:41   Simulation: False
2026-06-06 19:28:41 ==================================================
2026-06-06 19:28:41 ============================================================
2026-06-06 19:28:41 PLACING GTD HEDGE ORDER
2026-06-06 19:28:41   Token: 667868545372499226417500004255...
2026-06-06 19:28:41   Size: 5 contracts
2026-06-06 19:28:41   Price: $0.02
2026-06-06 19:28:41   Cost: $0.10
2026-06-06 19:28:41   Type: GTD
2026-06-06 19:28:41   Max Retries: 3
2026-06-06 19:28:41 ----------------------------------------
2026-06-06 19:28:41 ATTEMPT 1/3
2026-06-06 19:28:42 ATTEMPT 2/3
2026-06-06 19:28:44 ATTEMPT 3/3
2026-06-06 19:28:44 HEDGE FAILED after 3 attempts: 'OrderArgs' object has no attribute 'builder_code'
2026-06-06 19:34:22 ==================================================
2026-06-06 19:34:22 HEDGE POSITION SET
2026-06-06 19:34:22   Opposite Token: 109061287982635039235004762507...
2026-06-06 19:34:22   Contracts: 5
2026-06-06 19:34:22   Hedge Price: $0.02
2026-06-06 19:34:22   Hedge Cost: $0.10
2026-06-06 19:34:22   Enabled: True
2026-06-06 19:34:22   Simulation: False
2026-06-06 19:34:22 ==================================================
2026-06-06 19:34:22 ============================================================
2026-06-06 19:34:22 PLACING GTD HEDGE ORDER
2026-06-06 19:34:22   Token: 109061287982635039235004762507...
2026-06-06 19:34:22   Size: 5 contracts
2026-06-06 19:34:22   Price: $0.02
2026-06-06 19:34:22   Cost: $0.10
2026-06-06 19:34:22   Type: GTD
2026-06-06 19:34:22   Max Retries: 3
2026-06-06 19:34:22 ----------------------------------------
2026-06-06 19:34:22 ATTEMPT 1/3
2026-06-06 19:34:23 ATTEMPT 2/3
2026-06-06 19:34:25 ATTEMPT 3/3
2026-06-06 19:34:25 HEDGE FAILED after 3 attempts: 'OrderArgs' object has no attribute 'builder_code'
2026-06-06 19:39:11 ==================================================
2026-06-06 19:39:11 HEDGE POSITION SET
2026-06-06 19:39:11   Opposite Token: 568205734707398616465952440374...
2026-06-06 19:39:11   Contracts: 5
2026-06-06 19:39:11   Hedge Price: $0.02
2026-06-06 19:39:11   Hedge Cost: $0.10
2026-06-06 19:39:11   Enabled: True
2026-06-06 19:39:11   Simulation: False
2026-06-06 19:39:11 ==================================================
2026-06-06 19:39:11 ============================================================
2026-06-06 19:39:11 PLACING GTD HEDGE ORDER
2026-06-06 19:39:11   Token: 568205734707398616465952440374...
2026-06-06 19:39:11   Size: 5 contracts
2026-06-06 19:39:11   Price: $0.02
2026-06-06 19:39:11   Cost: $0.10
2026-06-06 19:39:11   Type: GTD
2026-06-06 19:39:11   Max Retries: 3
2026-06-06 19:39:11 ----------------------------------------
2026-06-06 19:39:11 ATTEMPT 1/3
2026-06-06 19:39:12 ATTEMPT 2/3
2026-06-06 19:39:13 ATTEMPT 3/3
2026-06-06 19:39:13 HEDGE FAILED after 3 attempts: 'OrderArgs' object has no attribute 'builder_code'
2026-06-06 19:43:35 ==================================================
2026-06-06 19:43:35 HEDGE POSITION SET
2026-06-06 19:43:35   Opposite Token: 488870394745245490709270272722...
2026-06-06 19:43:35   Contracts: 5
2026-06-06 19:43:35   Hedge Price: $0.02
2026-06-06 19:43:35   Hedge Cost: $0.10
2026-06-06 19:43:35   Enabled: True
2026-06-06 19:43:35   Simulation: False
2026-06-06 19:43:35 ==================================================
2026-06-06 19:43:35 ============================================================
2026-06-06 19:43:35 PLACING GTD HEDGE ORDER
2026-06-06 19:43:35   Token: 488870394745245490709270272722...
2026-06-06 19:43:35   Size: 5 contracts
2026-06-06 19:43:35   Price: $0.02
2026-06-06 19:43:35   Cost: $0.10
2026-06-06 19:43:35   Type: GTD
2026-06-06 19:43:35   Max Retries: 3
2026-06-06 19:43:35 ----------------------------------------
2026-06-06 19:43:35 ATTEMPT 1/3
2026-06-06 19:43:36 ATTEMPT 2/3
2026-06-06 19:43:37 ATTEMPT 3/3
2026-06-06 19:43:38 HEDGE FAILED after 3 attempts: 'OrderArgs' object has no attribute 'builder_code'
2026-06-06 19:48:39 ==================================================
2026-06-06 19:48:39 HEDGE POSITION SET
2026-06-06 19:48:39   Opposite Token: 802676845813597795069519032840...
2026-06-06 19:48:39   Contracts: 5
2026-06-06 19:48:39   Hedge Price: $0.02
2026-06-06 19:48:39   Hedge Cost: $0.10
2026-06-06 19:48:39   Enabled: True
2026-06-06 19:48:39   Simulation: False
2026-06-06 19:48:39 ==================================================
2026-06-06 19:48:39 ============================================================
2026-06-06 19:48:39 PLACING GTD HEDGE ORDER
2026-06-06 19:48:39   Token: 802676845813597795069519032840...
2026-06-06 19:48:39   Size: 5 contracts
2026-06-06 19:48:39   Price: $0.02
2026-06-06 19:48:39   Cost: $0.10
2026-06-06 19:48:39   Type: GTD
2026-06-06 19:48:39   Max Retries: 3
2026-06-06 19:48:39 ----------------------------------------
2026-06-06 19:48:39 ATTEMPT 1/3
2026-06-06 19:48:40 ATTEMPT 2/3
2026-06-06 19:48:42 ATTEMPT 3/3
2026-06-06 19:48:42 HEDGE FAILED after 3 attempts: 'OrderArgs' object has no attribute 'builder_code'
2026-06-06 19:53:31 ==================================================
2026-06-06 19:53:31 HEDGE POSITION SET
2026-06-06 19:53:31   Opposite Token: 478032695401111578414650558834...
2026-06-06 19:53:31   Contracts: 5
2026-06-06 19:53:31   Hedge Price: $0.02
2026-06-06 19:53:31   Hedge Cost: $0.10
2026-06-06 19:53:31   Enabled: True
2026-06-06 19:53:31   Simulation: False
2026-06-06 19:53:31 ==================================================
2026-06-06 19:53:31 ============================================================
2026-06-06 19:53:31 PLACING GTD HEDGE ORDER
2026-06-06 19:53:31   Token: 478032695401111578414650558834...
2026-06-06 19:53:31   Size: 5 contracts
2026-06-06 19:53:31   Price: $0.02
2026-06-06 19:53:31   Cost: $0.10
2026-06-06 19:53:31   Type: GTD
2026-06-06 19:53:31   Max Retries: 3
2026-06-06 19:53:31 ----------------------------------------
2026-06-06 19:53:31 ATTEMPT 1/3
2026-06-06 19:53:33 ATTEMPT 2/3
2026-06-06 19:53:34 ATTEMPT 3/3
2026-06-06 19:53:34 HEDGE FAILED after 3 attempts: 'OrderArgs' object has no attribute 'builder_code'
2026-06-06 20:13:38 ==================================================
2026-06-06 20:13:38 HEDGE POSITION SET
2026-06-06 20:13:38   Opposite Token: 806208285745336777391475479231...
2026-06-06 20:13:38   Contracts: 5
2026-06-06 20:13:38   Hedge Price: $0.02
2026-06-06 20:13:38   Hedge Cost: $0.10
2026-06-06 20:13:38   Enabled: True
2026-06-06 20:13:38   Simulation: False
2026-06-06 20:13:38 ==================================================
2026-06-06 20:13:38 ============================================================
2026-06-06 20:13:38 PLACING GTD HEDGE ORDER
2026-06-06 20:13:38   Token: 806208285745336777391475479231...
2026-06-06 20:13:38   Size: 5 contracts
2026-06-06 20:13:38   Price: $0.02
2026-06-06 20:13:38   Cost: $0.10
2026-06-06 20:13:38   Type: GTD
2026-06-06 20:13:38   Max Retries: 3
2026-06-06 20:13:38 ----------------------------------------
2026-06-06 20:13:38 ATTEMPT 1/3
2026-06-06 20:13:39 ATTEMPT 2/3
2026-06-06 20:13:40 ATTEMPT 3/3
2026-06-06 20:13:41 HEDGE FAILED after 3 attempts: 'OrderArgs' object has no attribute 'builder_code'
2026-06-06 20:18:31 ==================================================
2026-06-06 20:18:31 HEDGE POSITION SET
2026-06-06 20:18:31   Opposite Token: 135764982046357976492002737200...
2026-06-06 20:18:31   Contracts: 5
2026-06-06 20:18:31   Hedge Price: $0.02
2026-06-06 20:18:31   Hedge Cost: $0.10
2026-06-06 20:18:31   Enabled: True
2026-06-06 20:18:31   Simulation: False
2026-06-06 20:18:31 ==================================================
2026-06-06 20:18:31 ============================================================
2026-06-06 20:18:31 PLACING GTD HEDGE ORDER
2026-06-06 20:18:31   Token: 135764982046357976492002737200...
2026-06-06 20:18:31   Size: 5 contracts
2026-06-06 20:18:31   Price: $0.02
2026-06-06 20:18:31   Cost: $0.10
2026-06-06 20:18:31   Type: GTD
2026-06-06 20:18:31   Max Retries: 3
2026-06-06 20:18:31 ----------------------------------------
2026-06-06 20:18:31 ATTEMPT 1/3
2026-06-06 20:18:33 ATTEMPT 2/3
2026-06-06 20:18:34 ATTEMPT 3/3
2026-06-06 20:18:34 HEDGE FAILED after 3 attempts: 'OrderArgs' object has no attribute 'builder_code'
2026-06-06 20:23:40 ==================================================
2026-06-06 20:23:40 HEDGE POSITION SET
2026-06-06 20:23:40   Opposite Token: 867241910061551537937171342955...
2026-06-06 20:23:40   Contracts: 5
2026-06-06 20:23:40   Hedge Price: $0.02
2026-06-06 20:23:40   Hedge Cost: $0.10
2026-06-06 20:23:40   Enabled: True
2026-06-06 20:23:40   Simulation: False
2026-06-06 20:23:40 ==================================================
2026-06-06 20:23:40 ============================================================
2026-06-06 20:23:40 PLACING GTD HEDGE ORDER
2026-06-06 20:23:40   Token: 867241910061551537937171342955...
2026-06-06 20:23:40   Size: 5 contracts
2026-06-06 20:23:40   Price: $0.02
2026-06-06 20:23:40   Cost: $0.10
2026-06-06 20:23:40   Type: GTD
2026-06-06 20:23:40   Max Retries: 3
2026-06-06 20:23:40 ----------------------------------------
2026-06-06 20:23:40 ATTEMPT 1/3
2026-06-06 20:23:41 ATTEMPT 2/3
2026-06-06 20:23:43 ATTEMPT 3/3
2026-06-06 20:23:43 HEDGE FAILED after 3 attempts: 'OrderArgs' object has no attribute 'builder_code'
2026-06-06 20:28:45 ==================================================
2026-06-06 20:28:45 HEDGE POSITION SET
2026-06-06 20:28:45   Opposite Token: 700919783144496475615327171927...
2026-06-06 20:28:45   Contracts: 5
2026-06-06 20:28:45   Hedge Price: $0.02
2026-06-06 20:28:45   Hedge Cost: $0.10
2026-06-06 20:28:45   Enabled: True
2026-06-06 20:28:45   Simulation: False
2026-06-06 20:28:45 ==================================================
2026-06-06 20:28:45 ============================================================
2026-06-06 20:28:45 PLACING GTD HEDGE ORDER
2026-06-06 20:28:45   Token: 700919783144496475615327171927...
2026-06-06 20:28:45   Size: 5 contracts
2026-06-06 20:28:45   Price: $0.02
2026-06-06 20:28:45   Cost: $0.10
2026-06-06 20:28:45   Type: GTD
2026-06-06 20:28:45   Max Retries: 3
2026-06-06 20:28:45 ----------------------------------------
2026-06-06 20:28:45 ATTEMPT 1/3
2026-06-06 20:28:47 ATTEMPT 2/3
2026-06-06 20:28:48 ATTEMPT 3/3
2026-06-06 20:28:48 HEDGE FAILED after 3 attempts: 'OrderArgs' object has no attribute 'builder_code'
2026-06-06 20:33:42 ==================================================
2026-06-06 20:33:42 HEDGE POSITION SET
2026-06-06 20:33:42   Opposite Token: 350645327587730371106582670680...
2026-06-06 20:33:42   Contracts: 5
2026-06-06 20:33:42   Hedge Price: $0.02
2026-06-06 20:33:42   Hedge Cost: $0.10
2026-06-06 20:33:42   Enabled: True
2026-06-06 20:33:42   Simulation: False
2026-06-06 20:33:42 ==================================================
2026-06-06 20:33:42 ============================================================
2026-06-06 20:33:42 PLACING GTD HEDGE ORDER
2026-06-06 20:33:42   Token: 350645327587730371106582670680...
2026-06-06 20:33:42   Size: 5 contracts
2026-06-06 20:33:42   Price: $0.02
2026-06-06 20:33:42   Cost: $0.10
2026-06-06 20:33:42   Type: GTD
2026-06-06 20:33:42   Max Retries: 3
2026-06-06 20:33:42 ----------------------------------------
2026-06-06 20:33:42 ATTEMPT 1/3
2026-06-06 20:33:44 ATTEMPT 2/3
2026-06-06 20:33:45 ATTEMPT 3/3
2026-06-06 20:33:45 HEDGE FAILED after 3 attempts: 'OrderArgs' object has no attribute 'builder_code'
2026-06-06 20:39:33 ==================================================
2026-06-06 20:39:33 HEDGE POSITION SET
2026-06-06 20:39:33   Opposite Token: 521053605098691025783122719253...
2026-06-06 20:39:33   Contracts: 5
2026-06-06 20:39:33   Hedge Price: $0.02
2026-06-06 20:39:33   Hedge Cost: $0.10
2026-06-06 20:39:33   Enabled: True
2026-06-06 20:39:33   Simulation: False
2026-06-06 20:39:33 ==================================================
2026-06-06 20:39:33 ============================================================
2026-06-06 20:39:33 PLACING GTD HEDGE ORDER
2026-06-06 20:39:33   Token: 521053605098691025783122719253...
2026-06-06 20:39:33   Size: 5 contracts
2026-06-06 20:39:33   Price: $0.02
2026-06-06 20:39:33   Cost: $0.10
2026-06-06 20:39:33   Type: GTD
2026-06-06 20:39:33   Max Retries: 3
2026-06-06 20:39:33 ----------------------------------------
2026-06-06 20:39:33 ATTEMPT 1/3
2026-06-06 20:39:34 ATTEMPT 2/3
2026-06-06 20:39:35 ATTEMPT 3/3
2026-06-06 20:39:35 HEDGE FAILED after 3 attempts: 'OrderArgs' object has no attribute 'builder_code'
2026-06-06 20:43:32 ==================================================
2026-06-06 20:43:32 HEDGE POSITION SET
2026-06-06 20:43:32   Opposite Token: 966765757446960615448429458457...
2026-06-06 20:43:32   Contracts: 5
2026-06-06 20:43:32   Hedge Price: $0.02
2026-06-06 20:43:32   Hedge Cost: $0.10
2026-06-06 20:43:32   Enabled: True
2026-06-06 20:43:32   Simulation: False
2026-06-06 20:43:32 ==================================================
2026-06-06 20:43:32 ============================================================
2026-06-06 20:43:32 PLACING GTD HEDGE ORDER
2026-06-06 20:43:32   Token: 966765757446960615448429458457...
2026-06-06 20:43:32   Size: 5 contracts
2026-06-06 20:43:32   Price: $0.02
2026-06-06 20:43:32   Cost: $0.10
2026-06-06 20:43:32   Type: GTD
2026-06-06 20:43:32   Max Retries: 3
2026-06-06 20:43:32 ----------------------------------------
2026-06-06 20:43:32 ATTEMPT 1/3
2026-06-06 20:43:33 ATTEMPT 2/3
2026-06-06 20:43:34 ATTEMPT 3/3
2026-06-06 20:43:34 HEDGE FAILED after 3 attempts: 'OrderArgs' object has no attribute 'builder_code'
